
Camila Riquelme@DESKTOP-88KTFM4 MINGW64 ~/Documents/GitHub/pythontalentodigital2020/CODINGDOJO/python_stack/my_enviroments (master)
$ pip list
Package    Version
---------- -------
pip        20.2.3
setuptools 49.2.1
WARNING: You are using pip version 20.2.3; however, version 20.3.3 is available.
You should consider upgrading via the 'c:\python39\python.exe -m pip install --upgrade pip' command.

Camila Riquelme@DESKTOP-88KTFM4 MINGW64 ~/Documents/GitHub/pythontalentodigital2020/CODINGDOJO/python_stack/my_enviroments (master)
$ deactivate
bash: deactivate: command not found

Camila Riquelme@DESKTOP-88KTFM4 MINGW64 ~/Documents/GitHub/pythontalentodigital2020/CODINGDOJO/python_stack/my_enviroments (master)
$ pip3 list
Package    Version
---------- -------
pip        20.2.3
setuptools 49.2.1
WARNING: You are using pip version 20.2.3; however, version 20.3.3 is available.
You should consider upgrading via the 'c:\python39\python.exe -m pip install --upgrade pip' command.

Camila Riquelme@DESKTOP-88KTFM4 MINGW64 ~/Documents/GitHub/pythontalentodigital2020/CODINGDOJO/python_stack/my_enviroments (master)
$ source my_environments/py3Env/bin/activate
bash: my_environments/py3Env/bin/activate: No such file or directory

Camila Riquelme@DESKTOP-88KTFM4 MINGW64 ~/Documents/GitHub/pythontalentodigital2020/CODINGDOJO/python_stack/my_enviroments (master)
$ source py3Env/Scripts/activate
(py3Env)
Camila Riquelme@DESKTOP-88KTFM4 MINGW64 ~/Documents/GitHub/pythontalentodigital2020/CODINGDOJO/python_stack/my_enviroments (master)
$ pip install Django==1.11.9
Collecting Django==1.11.9
  Downloading Django-1.11.9-py2.py3-none-any.whl (6.9 MB)
Collecting pytz
  Downloading pytz-2020.5-py2.py3-none-any.whl (510 kB)
Installing collected packages: pytz, Django
Successfully installed Django-1.11.9 pytz-2020.5
WARNING: You are using pip version 20.2.3; however, version 20.3.3 is available.
You should consider upgrading via the 'c:\users\camila riquelme\documents\github\pythontalentodigital2020\codingdojo\python_stack\my_enviroments\py3env\scripts\python.exe -m pip install --upgrade pip' command.
(py3Env)
Camila Riquelme@DESKTOP-88KTFM4 MINGW64 ~/Documents/GitHub/pythontalentodigital2020/CODINGDOJO/python_stack/my_enviroments (master)
$ pip freeze
Django==1.11.9
pytz==2020.5
(py3Env)
Camila Riquelme@DESKTOP-88KTFM4 MINGW64 ~/Documents/GitHub/pythontalentodigital2020/CODINGDOJO/python_stack/my_enviroments (master)
$ cd
(py3Env)
Camila Riquelme@DESKTOP-88KTFM4 MINGW64 ~
$ ls
'3D Objects'/
 AppData/
'Configuración local'@
 Contacts/
 Cookies@
'Datos de programa'@
 Desktop/
 Documents/
 Downloads/
'Entorno de red'@
 Favorites/
 Impresoras@
 IntelGraphicsProfiles/
 Links/
'Menú Inicio'@
 MicrosoftEdgeBackups/
'Mis documentos'@
 Music/
 NTUSER.DAT
 NTUSER.DAT{38ab0f2c-0c9f-11eb-a032-54ee75ab03b9}.TM.blf
 NTUSER.DAT{38ab0f2c-0c9f-11eb-a032-54ee75ab03b9}.TMContainer00000000000000000001.regtrans-ms
 NTUSER.DAT{38ab0f2c-0c9f-11eb-a032-54ee75ab03b9}.TMContainer00000000000000000002.regtrans-ms
 OneDrive/
 Pictures/
 Plantillas@
 Reciente@
'Saved Games'/
 Searches/
 SendTo@
 Videos/
 ntuser.dat.LOG1
 ntuser.dat.LOG2
 ntuser.ini
(py3Env)
Camila Riquelme@DESKTOP-88KTFM4 MINGW64 ~
$ cd desktop
(py3Env)
Camila Riquelme@DESKTOP-88KTFM4 MINGW64 ~/desktop (master)
$ pip freeze > requirements.txt
(py3Env)
Camila Riquelme@DESKTOP-88KTFM4 MINGW64 ~/desktop (master)
$ ls
'02. Ninja Desapareciendo.html'  'Google Drive.lnk'*         mio.txt
'1 - Ejercicio CV Ejemplo.pdf'   'Outlook (1).lnk'*          requirements.txt
 Carlos/                         'Visual Studio Code.lnk'*   test/
 Codespaces.lnk*                  Zoom.lnk*
'GitHub Desktop.lnk'*             desktop.ini
(py3Env)
Camila Riquelme@DESKTOP-88KTFM4 MINGW64 ~/desktop (master)
$ pip uninstall Django
Found existing installation: Django 1.11.9
Uninstalling Django-1.11.9:
  Would remove:
    c:\users\camila riquelme\documents\github\pythontalentodigital2020\codingdojo\python_stack\my_enviroments\py3env\lib\site-packages\django-1.11.9.dist-info\*
    c:\users\camila riquelme\documents\github\pythontalentodigital2020\codingdojo\python_stack\my_enviroments\py3env\lib\site-packages\django\*
    c:\users\camila riquelme\documents\github\pythontalentodigital2020\codingdojo\python_stack\my_enviroments\py3env\scripts\django-admin.exe
    c:\users\camila riquelme\documents\github\pythontalentodigital2020\codingdojo\python_stack\my_enviroments\py3env\scripts\django-admin.py
Proceed (y/n)? n
(py3Env)
Camila Riquelme@DESKTOP-88KTFM4 MINGW64 ~/desktop (master)
$ pip show Django
Name: Django
Version: 1.11.9
Summary: A high-level Python Web framework that encourages rapid development and clean, pragmatic design.
Home-page: https://www.djangoproject.com/
Author: Django Software Foundation
Author-email: foundation@djangoproject.com
License: BSD
Location: c:\users\camila riquelme\documents\github\pythontalentodigital2020\codingdojo\python_stack\my_enviroments\py3env\lib\site-packages
Requires: pytz
Required-by:
(py3Env)
Camila Riquelme@DESKTOP-88KTFM4 MINGW64 ~/desktop (master)
$ pip search Flask
ERROR: Exception:
Traceback (most recent call last):
  File "c:\users\camila riquelme\documents\github\pythontalentodigital2020\codingdojo\python_stack\my_enviroments\py3env\lib\site-packages\pip\_internal\cli\base_command.py", line 228, in _main
    status = self.run(options, args)
  File "c:\users\camila riquelme\documents\github\pythontalentodigital2020\codingdojo\python_stack\my_enviroments\py3env\lib\site-packages\pip\_internal\commands\search.py", line 60, in run
    pypi_hits = self.search(query, options)
  File "c:\users\camila riquelme\documents\github\pythontalentodigital2020\codingdojo\python_stack\my_enviroments\py3env\lib\site-packages\pip\_internal\commands\search.py", line 80, in search
    hits = pypi.search({'name': query, 'summary': query}, 'or')
  File "C:\Python39\lib\xmlrpc\client.py", line 1116, in __call__
    return self.__send(self.__name, args)
  File "C:\Python39\lib\xmlrpc\client.py", line 1456, in __request
    response = self.__transport.request(
  File "c:\users\camila riquelme\documents\github\pythontalentodigital2020\codingdojo\python_stack\my_enviroments\py3env\lib\site-packages\pip\_internal\network\xmlrpc.py", line 45, in request
    return self.parse_response(response.raw)
  File "C:\Python39\lib\xmlrpc\client.py", line 1348, in parse_response
    return u.close()
  File "C:\Python39\lib\xmlrpc\client.py", line 662, in close
    raise Fault(**self._stack[0])
xmlrpc.client.Fault: <Fault -32500: "RuntimeError: PyPI's XMLRPC API has been temporarily disabled due to unmanageable load and will be deprecated in the near future. See https://status.python.org/ for more information.">
(py3Env)
Camila Riquelme@DESKTOP-88KTFM4 MINGW64 ~/desktop (master)
$


pip es una herramienta escrita en Python para facilitar la descarga 
e instalación de paquetes del lenguaje que se encuentren en el Python Package Index (PyPI).
pip list Para ver una lista de los paquetes instalados (incluso aquellos que no hayan sido obtenidos a través de pip
deactivate desactivar entorno virtual
myEnvironments/py3Env/Scripts/activate  activar entorno de desarrollo
pip install Django==1.11.9 instalar un paquete , en este caso django
pip freeze Para asegurarse de que el archivo de requisitos solo contiene los paquetes que se utilizan realmente en la aplicación, utilice un entorno virtual que solo tenga instalado esos paquetes. Fuera del entorno virtual, la salida de pip freeze incluirá todos los paquetes de pip instalados en el equipo de desarrollo, incluidos aquellos que venían con el sistema operativo.
pip freeze > requirements.txt  En el entorno de desarrollo, puede utilizar el comando pip freeze para generar el archivo de requisitos.
pip uninstall Django desintalar un paquete
pip show Django mostrar el paquete de django
pip search Flask que pip busque flask